/usr/libexec/dbus-1/dbus-daemon-launch-helper
/usr/libexec/Xorg.wrap
/usr/libexec/spice-gtk-aarch64/spice-client-glib-usb-acl-helper
/usr/libexec/libgtop_server2
/usr/lib64/chromium-browser/chrome-sandbox
/usr/bin/newgrp
/usr/bin/chsh
/usr/bin/su
/usr/bin/at
/usr/bin/chage
/usr/bin/ksu
/usr/bin/mount
/usr/bin/crontab
/usr/bin/gpasswd
/usr/bin/fusermount-glusterfs
/usr/bin/sudo
/usr/bin/fusermount3
/usr/bin/chfn
/usr/bin/passwd
/usr/bin/umount
/usr/bin/pkexec
/usr/lib/polkit-1/polkit-agent-helper-1
/usr/sbin/grub2-set-bootflag
/usr/sbin/userhelper
/usr/sbin/unix_chkpwd
/usr/sbin/mount.nfs
/usr/sbin/pam_timestamp_check
/home/joha/my_cat
