  Файл: /home/user1
  Размер: 4096      	Блоков: 8          Блок В/В: 4096   каталог
Устройство: 253/5	Инода: 654081      Ссылки: 3
Доступ: (0700/drwx------)  Uid: ( 1234/   user1)   Gid: ( 1234/   user1)
Контекст: unconfined_u:object_r:user_home_dir_t:s0
Доступ:        2026-09-15 20:21:24.419167771 +0300
Модифицирован: 2026-09-15 21:20:07.845029895 +0300
Изменён:       2026-09-15 21:20:07.845029895 +0300
Создан:        2026-09-15 20:06:30.944254859 +0300
  Файл: my_cat
  Размер: 200872    	Блоков: 400        Блок В/В: 4096   обычный файл
Устройство: 253/5	Инода: 785411      Ссылки: 1
Доступ: (4755/-rwsr-xr-x)  Uid: (    0/    root)   Gid: (    0/    root)
Контекст: unconfined_u:object_r:user_home_t:s0
Доступ:        2026-09-15 20:50:44.068123139 +0300
Модифицирован: 2026-09-15 20:47:20.262131516 +0300
Изменён:       2026-09-15 20:50:44.063789791 +0300
Создан:        2026-09-15 20:47:20.257798169 +0300
  Файл: my_chown
  Размер: 201400    	Блоков: 408        Блок В/В: 4096   обычный файл
Устройство: 253/5	Инода: 785412      Ссылки: 1
Доступ: (0755/-rwxr-xr-x)  Uid: ( 1000/    joha)   Gid: ( 1000/    joha)
Контекст: unconfined_u:object_r:user_home_t:s0
Доступ:        2026-09-15 21:02:43.473297922 +0300
Модифицирован: 2026-09-15 20:55:26.216746759 +0300
Изменён:       2026-09-15 21:01:34.200377711 +0300
Создан:        2026-09-15 20:55:26.212413411 +0300
